Even1
Even2
Even3
Even4
Even5
Even6
Odd1
Odd2
Odd3
Odd4
Odd5
Odd6
